2026-09-24T00:55:28Z spira: batch: --suites: selected 461 explicit suite(s)
2026-09-24T00:55:37Z spira: batch: starting container spira-batch-deb7acb23a8f (branch main)
testenv: user@1001.service active; systemctl --user ready
2026-09-24T00:55:40Z spira: batch: configure inside spira-batch-deb7acb23a8f
configure: seeded repo-map from repo-map.example â edit /home/spirauser/.config/spira/repo-map
configure: wrote /home/spirauser/.config/spira/spira.conf
configure: next steps:
  1. Edit /home/spirauser/.config/spira/spira.conf (at minimum: update SPIRA_PROD)
  2. Run: /workspace/spira/doctor.sh
2026-09-24T00:55:41Z spira: batch: suspending Rust-backed units inside spira-batch-deb7acb23a8f (image rustc too old for lockfile v4)
ctrl: suspended spira-loom (owner: sp-fud1)
ctrl: suspended spira-cockpit (owner: sp-fud1)
2026-09-24T00:55:41Z spira: batch: install instance deb7acb23a8f inside spira-batch-deb7acb23a8f
note: SPIRA_DOLT_DATA is empty â not installing dolt-beads.service.
      Start your Dolt server yourself, or set it in /home/spirauser/.config/spira/spira.conf.
note: loom binary not built at /workspace/loom/target/release/loom â not installing spira-loom.service.
      Build it: cd $SPIRA_REPO/loom && cargo build --release, then re-run install.sh.
note: broker binary not built at /workspace/broker/target/release/broker â not installing spira-broker.service.
      Build it: cd $SPIRA_REPO/broker && cargo build --release, then re-run install.sh.
install: placed /tmp/spira-batch-deb7acb23a8f/testdb/dolt-server.yaml
installed spira-sentinel-deb7acb23a8f.service
installed spira-sentinel-deb7acb23a8f.timer
installed spira-ops-deb7acb23a8f.service
installed spira-ops-deb7acb23a8f.timer
installed spira-auron-deb7acb23a8f.service
installed spira-auron-deb7acb23a8f.timer
installed spira-watchtower-deb7acb23a8f.service
installed spira-watchtower-deb7acb23a8f.timer
installed spira-skew-deb7acb23a8f.service
installed spira-skew-deb7acb23a8f.timer
installed spira-archivist-deb7acb23a8f.service
installed spira-archivist-deb7acb23a8f.timer
installed spira-czar-pass-deb7acb23a8f.service
installed spira-czar-pass-deb7acb23a8f.timer
installed spira-cockpit-deb7acb23a8f.service
installed spira-watch-notify-deb7acb23a8f.service
installed spira-watch-notify-deb7acb23a8f.timer
installed spira-watch-refresh-deb7acb23a8f.service
installed spira-watch-refresh-deb7acb23a8f.timer
installed cockpit-ensure.service
installed cockpit-ensure.timer
installed concierge.service
installed concierge.timer
installed beads-push.service
installed beads-push.timer
installed spira-archive-deb7acb23a8f.service
installed spira-archive-deb7acb23a8f.timer
installed spira-groom-deb7acb23a8f.service
installed spira-groom-deb7acb23a8f.timer
installed spira-maechen-deb7acb23a8f.service
installed spira-maechen-deb7acb23a8f.timer
installed spira-moot-sweep-deb7acb23a8f.service
installed spira-moot-sweep-deb7acb23a8f.timer
installed spira-verify-asks-deb7acb23a8f.service
installed spira-verify-asks-deb7acb23a8f.timer
installed spira-gate-check-deb7acb23a8f.service
installed spira-gate-check-deb7acb23a8f.timer
installed spira-pr-notify-deb7acb23a8f.service
installed spira-pr-notify-deb7acb23a8f.timer
installed spira-mail-tidy-deb7acb23a8f.service
installed spira-mail-tidy-deb7acb23a8f.timer
installed spira-gh-intake-deb7acb23a8f.service
installed spira-gh-intake-deb7acb23a8f.timer
installed spira-verdict-deb7acb23a8f.service
installed spira-verdict-deb7acb23a8f.timer
installed spira-suites-deb7acb23a8f.service
installed spira-suites-deb7acb23a8f.timer
installed spira-mail-deliver-deb7acb23a8f.service
installed dolt-beads-test.service
install: 49 unit file(s) changed, 0 unchanged
Created symlink /home/spirauser/.config/systemd/user/timers.target.wants/cockpit-ensure.timer â /home/spirauser/.config/systemd/user/cockpit-ensure.timer.
enabled   cockpit-ensure.timer
Created symlink /home/spirauser/.config/systemd/user/timers.target.wants/concierge.timer â /home/spirauser/.config/systemd/user/concierge.timer.
enabled   concierge.timer
Created symlink /home/spirauser/.config/systemd/user/timers.target.wants/spira-watch-refresh-deb7acb23a8f.timer â /home/spirauser/.config/systemd/user/spira-watch-refresh-deb7acb23a8f.timer.
enabled   spira-watch-refresh-deb7acb23a8f.timer
Created symlink /home/spirauser/.config/systemd/user/timers.target.wants/beads-push.timer â /home/spirauser/.config/systemd/user/beads-push.timer.
enabled   beads-push.timer
Created symlink /home/spirauser/.config/systemd/user/timers.target.wants/spira-sentinel-deb7acb23a8f.timer â /home/spirauser/.config/systemd/user/spira-sentinel-deb7acb23a8f.timer.
enabled   spira-sentinel-deb7acb23a8f.timer
Created symlink /home/spirauser/.config/systemd/user/timers.target.wants/spira-ops-deb7acb23a8f.timer â /home/spirauser/.config/systemd/user/spira-ops-deb7acb23a8f.timer.
enabled   spira-ops-deb7acb23a8f.timer
Created symlink /home/spirauser/.config/systemd/user/timers.target.wants/spira-auron-deb7acb23a8f.timer â /home/spirauser/.config/systemd/user/spira-auron-deb7acb23a8f.timer.
enabled   spira-auron-deb7acb23a8f.timer
Created symlink /home/spirauser/.config/systemd/user/timers.target.wants/spira-watchtower-deb7acb23a8f.timer â /home/spirauser/.config/systemd/user/spira-watchtower-deb7acb23a8f.timer.
enabled   spira-watchtower-deb7acb23a8f.timer
Created symlink /home/spirauser/.config/systemd/user/timers.target.wants/spira-skew-deb7acb23a8f.timer â /home/spirauser/.config/systemd/user/spira-skew-deb7acb23a8f.timer.
enabled   spira-skew-deb7acb23a8f.timer
Created symlink /home/spirauser/.config/systemd/user/timers.target.wants/spira-czar-pass-deb7acb23a8f.timer â /home/spirauser/.config/systemd/user/spira-czar-pass-deb7acb23a8f.timer.
enabled   spira-czar-pass-deb7acb23a8f.timer
Created symlink /home/spirauser/.config/systemd/user/timers.target.wants/spira-archive-deb7acb23a8f.timer â /home/spirauser/.config/systemd/user/spira-archive-deb7acb23a8f.timer.
enabled   spira-archive-deb7acb23a8f.timer
Created symlink /home/spirauser/.config/systemd/user/timers.target.wants/spira-archivist-deb7acb23a8f.timer â /home/spirauser/.config/systemd/user/spira-archivist-deb7acb23a8f.timer.
enabled   spira-archivist-deb7acb23a8f.timer
Created symlink /home/spirauser/.config/systemd/user/timers.target.wants/spira-watch-notify-deb7acb23a8f.timer â /home/spirauser/.config/systemd/user/spira-watch-notify-deb7acb23a8f.timer.
enabled   spira-watch-notify-deb7acb23a8f.timer
Created symlink /home/spirauser/.config/systemd/user/timers.target.wants/spira-groom-deb7acb23a8f.timer â /home/spirauser/.config/systemd/user/spira-groom-deb7acb23a8f.timer.
enabled   spira-groom-deb7acb23a8f.timer
Created symlink /home/spirauser/.config/systemd/user/timers.target.wants/spira-maechen-deb7acb23a8f.timer â /home/spirauser/.config/systemd/user/spira-maechen-deb7acb23a8f.timer.
enabled   spira-maechen-deb7acb23a8f.timer
Created symlink /home/spirauser/.config/systemd/user/timers.target.wants/spira-moot-sweep-deb7acb23a8f.timer â /home/spirauser/.config/systemd/user/spira-moot-sweep-deb7acb23a8f.timer.
enabled   spira-moot-sweep-deb7acb23a8f.timer
Created symlink /home/spirauser/.config/systemd/user/timers.target.wants/spira-verify-asks-deb7acb23a8f.timer â /home/spirauser/.config/systemd/user/spira-verify-asks-deb7acb23a8f.timer.
enabled   spira-verify-asks-deb7acb23a8f.timer
Created symlink /home/spirauser/.config/systemd/user/timers.target.wants/spira-gate-check-deb7acb23a8f.timer â /home/spirauser/.config/systemd/user/spira-gate-check-deb7acb23a8f.timer.
enabled   spira-gate-check-deb7acb23a8f.timer
Created symlink /home/spirauser/.config/systemd/user/timers.target.wants/spira-pr-notify-deb7acb23a8f.timer â /home/spirauser/.config/systemd/user/spira-pr-notify-deb7acb23a8f.timer.
enabled   spira-pr-notify-deb7acb23a8f.timer
install: spira-cockpit-deb7acb23a8f.service is suspended (ctrl: spira-cockpit) â skipping
Created symlink /home/spirauser/.config/systemd/user/timers.target.wants/spira-mail-tidy-deb7acb23a8f.timer â /home/spirauser/.config/systemd/user/spira-mail-tidy-deb7acb23a8f.timer.
enabled   spira-mail-tidy-deb7acb23a8f.timer
Created symlink /home/spirauser/.config/systemd/user/timers.target.wants/spira-gh-intake-deb7acb23a8f.timer â /home/spirauser/.config/systemd/user/spira-gh-intake-deb7acb23a8f.timer.
enabled   spira-gh-intake-deb7acb23a8f.timer
Created symlink /home/spirauser/.config/systemd/user/timers.target.wants/spira-verdict-deb7acb23a8f.timer â /home/spirauser/.config/systemd/user/spira-verdict-deb7acb23a8f.timer.
enabled   spira-verdict-deb7acb23a8f.timer
Created symlink /home/spirauser/.config/systemd/user/timers.target.wants/spira-suites-deb7acb23a8f.timer â /home/spirauser/.config/systemd/user/spira-suites-deb7acb23a8f.timer.
enabled   spira-suites-deb7acb23a8f.timer
Created symlink /home/spirauser/.config/systemd/user/default.target.wants/spira-mail-deliver-deb7acb23a8f.service â /home/spirauser/.config/systemd/user/spira-mail-deliver-deb7acb23a8f.service.
enabled   spira-mail-deliver-deb7acb23a8f.service
install SessionStart
install PostCompact
install: linked cockpit-remote: /home/spirauser/.local/bin/cockpit-remote -> /workspace/cockpit/remote/cockpit-remote
disabled  spira-watch-notify-deb7acb23a8f.service (no row in the manifest)
disabled  spira-watch-refresh-deb7acb23a8f.service (no row in the manifest)
Thu 2026-09-24 00:56:40 UTC      47s -         - concierge.timer                        concierge.service
Thu 2026-09-24 00:56:40 UTC      47s -         - spira-czar-pass-deb7acb23a8f.timer     spira-czar-pass-deb7acb23a8f.service
Thu 2026-09-24 00:56:40 UTC      47s -         - spira-verdict-deb7acb23a8f.timer       spira-verdict-deb7acb23a8f.service
Thu 2026-09-24 00:57:10 UTC 1min 17s -         - spira-gate-check-deb7acb23a8f.timer    spira-gate-check-deb7acb23a8f.service
Thu 2026-09-24 00:57:10 UTC 1min 17s -         - spira-watch-refresh-deb7acb23a8f.timer spira-watch-refresh-deb7acb23a8f.service
Thu 2026-09-24 00:57:40 UTC 1min 47s -         - cockpit-ensure.timer                   cockpit-ensure.service
Thu 2026-09-24 00:58:40 UTC 2min 47s -         - spira-mail-tidy-deb7acb23a8f.timer     spira-mail-tidy-deb7acb23a8f.service
Thu 2026-09-24 00:58:40 UTC 2min 47s -         - spira-sentinel-deb7acb23a8f.timer      spira-sentinel-deb7acb23a8f.service
Thu 2026-09-24 00:58:40 UTC 2min 47s -         - spira-watchtower-deb7acb23a8f.timer    spira-watchtower-deb7acb23a8f.service
Thu 2026-09-24 01:00:40 UTC 4min 47s -         - spira-archive-deb7acb23a8f.timer       spira-archive-deb7acb23a8f.service
Thu 2026-09-24 01:00:40 UTC 4min 47s -         - spira-archivist-deb7acb23a8f.timer     spira-archivist-deb7acb23a8f.service
Thu 2026-09-24 01:00:40 UTC 4min 47s -         - spira-moot-sweep-deb7acb23a8f.timer    spira-moot-sweep-deb7acb23a8f.service
Thu 2026-09-24 01:00:40 UTC 4min 47s -         - spira-ops-deb7acb23a8f.timer           spira-ops-deb7acb23a8f.service
Thu 2026-09-24 01:00:40 UTC 4min 47s -         - spira-pr-notify-deb7acb23a8f.timer     spira-pr-notify-deb7acb23a8f.service
Thu 2026-09-24 01:00:40 UTC 4min 47s -         - spira-watch-notify-deb7acb23a8f.timer  spira-watch-notify-deb7acb23a8f.service
Thu 2026-09-24 01:02:40 UTC     6min -         - spira-auron-deb7acb23a8f.timer         spira-auron-deb7acb23a8f.service
Thu 2026-09-24 01:02:40 UTC     6min -         - spira-verify-asks-deb7acb23a8f.timer   spira-verify-asks-deb7acb23a8f.service
Thu 2026-09-24 01:05:40 UTC     9min -         - spira-skew-deb7acb23a8f.timer          spira-skew-deb7acb23a8f.service
Thu 2026-09-24 01:05:40 UTC     9min -         - spira-suites-deb7acb23a8f.timer        spira-suites-deb7acb23a8f.service
Thu 2026-09-24 01:10:40 UTC    14min -         - spira-gh-intake-deb7acb23a8f.timer     spira-gh-intake-deb7acb23a8f.service
Thu 2026-09-24 01:10:40 UTC    14min -         - spira-groom-deb7acb23a8f.timer         spira-groom-deb7acb23a8f.service
Thu 2026-09-24 01:10:40 UTC    14min -         - spira-maechen-deb7acb23a8f.timer       spira-maechen-deb7acb23a8f.service
Thu 2026-09-24 03:51:00 UTC 2h 55min -         - beads-push.timer                       beads-push.service
spira-cockpit-deb7acb23a8f.service   inactive
spira-loom-deb7acb23a8f.service      inactive
2026-09-24T00:55:58Z spira: batch: requirement not met in container: spira-nonexistent-xyz
  test-requires.sh                 SKIP-REQ requires:spira-nonexistent-xyz
2026-09-24T00:56:01Z spira: batch: building shared testdb baseline in spira-batch-deb7acb23a8f
2026-09-24T00:56:09Z spira: batch: shared testdb baseline ready (mode: embedded, name: sptest_batch_baseline_1790211366_3043)
2026-09-24T00:56:10Z spira: batch: bd shim install failed â bd timing will be absent
2026-09-24T00:56:10Z spira: batch: running 460 suite(s) in spira-batch-deb7acb23a8f (mode: parallel, maxpar: 32 [cpu-bound: cpu=32 mem=14721MiB avail 1024MiB reserve 192MiB/suite])
  test-acceptance-ready.sh         ok      1s
  test-acceptance-ci.sh            ok      1s
  test-aeon-dirty-commit.sh        SKIPPED
  test-activate.sh                 ok      1s
  test-aeon-heartbeat.sh           SKIPPED
  test-aeon-launch-grammar.sh      SKIPPED
  test-aeon-fence-bd-create.sh     ok      2s
  test-aeon-lease.sh               ok      2s
  test-aeon-wiki-concurrent.sh     ok      1s
  test-acceptance-run.sh           ok      8s
  test-aeon-worktree-guard.sh      ok      2s
  test-aeon-fence.sh               ok      7s
  test-answers-silent-seed.sh      ok      4s
  test-archivist-cited-bead.sh     ok      8s
  test-aeon-decision-blocked.sh    ok      17s
  test-aeon-sweep.sh               ok      14s
  test-aeon-operator-wait.sh       ok      16s
  test-aeon-presession-death.sh    ok      18s
  test-aeon-yield-headless.sh      ok      15s
  test-archivist.sh                ok      14s
  test-aeon-gate-close-silent.sh   ok      21s
  test-aeon-exit.sh                ok      23s
  test-answers-premise-rejected.sh ok      18s
  test-aeon-prompt-layers.sh       ok      25s
  test-aeon-world-stop.sh          ok      23s
  test-aeon-wiki-dirty.sh          ok      33s
  test-aeon-prod-dirty.sh          ok      34s
  test-aeon-resume.sh              ok      38s
  test-aeon-ledger.sh              ok      40s
  test-aeon-eviction-race.sh       ok      50s
  test-aeon-verdict.sh             ok      80s
2026-09-24T00:57:36Z spira: batch: draining for exclusive suite test-artifact-install.sh (cargo build peaks at several GB; runs alone to prevent container OOM)
  test-artifact-install.sh         ok      146s
  test-batch-certified-landed.sh   ok      3s
  test-batch-certified-orphan.sh   ok      3s
  test-batch-conflicting-pr.sh     ok      2s
  test-batch-maxpar.sh             ok      6s
  test-batch-closed-red-live.sh    ok      8s
  test-batch-idle-cut.sh           ok      7s
  test-batch-cited-commit.sh       ok      15s
  test-bd-lock-retry.sh            ok      3s
  test-bd-delivers-label-guard.sh  ok      5s
  test-bd-remember-guard.sh        ok      4s
  test-bd-resolve.sh               ok      2s
  test-bd-schema-stamp.sh          ok      2s
  test-bd-stdin.sh                 ok      2s
  test-batch-stuck.sh              ok      12s
  test-bead-lane-guard.sh          ok      1s
  test-bead-file-kinds.sh          ok      4s
  test-beads-sparklines.sh         ok      1s
  test-beads-push-verify.sh        ok      3s
  test-boundary.sh                 ok      2s
  test-branch-guard.sh             ok      2s
  test-brief-mail-options.sh       ok      2s
  test-bd-update-inflight-guard.sh ok      8s
  test-budget-drift.sh             ok      2s
  test-batch-lock.sh               ok      25s
  test-build-bd-release.sh         ok      2s
  test-build-tarball.sh            ok      1s
  test-build.sh                    ok      2s
  test-builder-qa-proposed.sh      ok      2s
  test-cadence-tool.sh             SKIPPED
  test-cadence.sh                  SKIPPED
  test-capacity-probe.sh           ok      1s
  test-bin-manifest.sh             ok      12s
  test-census-window.sh            ok      1s
  test-cert-gate-reopen-note.sh    ok      1s
  test-beads-push-commit.sh        ok      18s
  test-chamber-repo-labels.sh      ok      2s
  test-broker.sh                   ok      13s
  test-attempts.sh                 ok      45s
  test-bead-lint.sh                ok      26s
  test-check2-reclaim.sh           ok      11s
  test-bd-close-unacked-guard.sh   ok      37s
  test-cockpit-collect-probes.sh   ok      2s
  test-cockpit-collector-quota.sh  ok      3s
  test-cockpit-collector-watchdog.sh ok      2s
  test-check5-delivers-action.sh   ok      13s
  test-citations.sh                ok      7s
  test-cert-lint.sh                ok      21s
  test-batch-repeat-refused-delivers.sh ok      52s
  test-check8-progressed.sh        ok      13s
  test-cockpit-layout-ensure-focus.sh ok      1s
  test-cockpit-layout-conf.sh      ok      5s
  test-check5-landstate.sh         ok      18s
  test-cockpit-conf-change.sh      ok      11s
  test-cockpit-layout-identity.sh  ok      4s
  test-cockpit-fuse.sh             ok      9s
  test-cockpit-dup-refs.sh         ok      11s
  test-check5-landed-no-delivers.sh ok      21s
  test-cockpit-layout-mail.sh      ok      5s
  test-cockpit-mouse.sh            ok      2s
  test-check5-drop.sh              ok      23s
  test-check5-delivers-check.sh    ok      24s
  test-check5-unmapped-repo.sh     ok      22s
  test-check5-sweep-delivers.sh    ok      24s
  test-cockpit-layout.sh           ok      8s
  test-cockpit-landed.sh           ok      13s
  test-check5-delivers-falls-through.sh ok      28s
  test-check5-body-search.sh       ok      31s
  test-cockpit-reachable.sh        ok      4s
  test-cockpit-remote.sh           ok      1s
  test-check5-content-landed.sh    ok      33s
  test-cockpit-runtime-path.sh     ok      2s
  test-cockpit-gate.sh             ok      18s
  test-cockpit-probe-fault.sh      ok      10s
  test-check5-hold-no-reopen.sh    ok      32s
  test-check5-landed-assert.sh     ok      31s
  test-cockpit-self.sh             ok      2s
  test-cockpit-snap-absent.sh      ok      2s
  test-cockpit-ready.sh            ok      5s
  test-canary.sh                   ok      43s
  test-cockpit-ready-seeded.sh     ok      8s
  test-cockpit-repo-labels.sh      ok      8s
  test-ci-park.sh                  ok      32s
  test-cockpit-queue.sh            ok      12s
  test-cockpit-unit-notify.sh      ok      1s
  test-cockpit-sweep.sh            ok      4s
  test-cockpit-queue-section.sh    ok      16s
  test-auron.sh                    ok      81s
  test-cockpit-sop.sh              ok      8s
  test-cockpit-unclaimable.sh      ok      3s
  test-cockpit-tmp.sh              ok      6s
  test-cockpit-sphere.sh           ok      10s
  test-cockpit-watcher-owner.sh    ok      3s
  test-conf.sh                     ok      2s
  test-configure.sh                ok      1s
  test-containment.sh              ok      2s
  test-cockpit.sh                  ok      7s
  test-cockpit-unadopted-queue.sh  ok      10s
  test-cockpit-rebuild.sh          ok      19s
  test-covers-entries.sh           ok      4s
  test-ctx-pointer.sh              ok      4s
  test-content-landed-empty-branch.sh ok      8s
  test-concierge.sh                ok      11s
  test-czar-partition.sh           ok      6s
  test-cockpit-tiered-collector.sh ok      16s
  test-czar-shadow.sh              ok      2s
  test-delivers-parity.sh          ok      1s
  test-cross-repo.sh               ok      9s
  test-census-reopen.sh            ok      62s
  test-destroy-branch.sh           ok      4s
  test-cockpit-unlanded.sh         ok      20s
  test-destructive-bead.sh         ok      5s
  test-check5-nopayload.sh         ok      59s
  test-doctor-bd-tag.sh            ok      8s
  test-doctor-checkout-mode.sh     ok      5s
  test-doctor-embedded.sh          ok      4s
  test-czar-pass.sh                ok      17s
  test-doctor-events-probe.sh      ok      4s
  test-doctor-dolt.sh              ok      6s
  test-dependents.sh               ok      14s
  test-deploy.sh                   ok      16s
  test-doctor-goal.sh              ok      7s
  test-content-landed-no-reopen.sh ok      25s
  test-doctor-hooks-path.sh        ok      7s
  test-doctor-gh-intake-skip.sh    ok      8s
  test-doctor-cargo.sh             ok      12s
  test-doctor-installing.sh        ok      8s
  test-doctor-missing-store.sh     ok      9s
  test-doctor-enable-drift.sh      ok      12s
  test-batch.sh                    ok      104s
  test-doctor-snap-fresh.sh        ok      6s
  test-census-watermark.sh         ok      84s
  test-doctor-schema.sh            ok      9s
  test-ctrl.sh                     ok      32s
  test-drain-banner.sh             ok      3s
  test-drain-expiry.sh             ok      4s
  test-dummy.sh                    ok      2s
  test-effective-lanes.sh          ok      2s
  test-elastic-ceiling.sh          ok      3s
  test-doctor-unit-install.sh      ok      10s
  test-certify.sh                  ok      88s
  test-cockpit-unsent.sh           ok      45s
  test-doctor-unit-dup.sh          ok      14s
  test-fayth-free.sh               ok      3s
  test-fayth-predicates.sh         ok      2s
  test-fayth.sh                    ok      1s
  test-fayth-project-instructions.sh ok      2s
  test-forge-run-metadata.sh       ok      1s
  test-gate-base-selection.sh      ok      1s
  test-freshclone.sh               ok      3s
  test-forge-check-status.sh       ok      3s
  test-gate-check-stderr.sh        ok      2s
  test-gate-base-evidence.sh       ok      3s
  test-focus-close-guard.sh        ok      6s
  test-event.sh                    ok      14s
  test-gate-ci-diag.sh             ok      1s
  test-gate-discover-branch.sh     ok      2s
  test-gate-check-stuck.sh         ok      4s
  test-gate-host-cores.sh          ok      1s
  test-gate-fixture-diag.sh        ok      3s
  test-gate-retry-structural.sh    ok      1s
  test-gate-preflight.sh           ok      2s
  test-gate-retry.sh               ok      1s
  test-gate-missing-cmd.sh         ok      2s
  test-gate-check-flaky.sh         ok      8s
  test-gate-touched.sh             ok      1s
  test-gate-vitals.sh              ok      1s
  test-gate-workflow.sh            ok      0s
  test-gate-check-red-twice.sh     ok      10s
  test-git-identity.sh             ok      1s
  test-gate-sweep.sh               ok      7s
  test-groomer.sh                  ok      1s
  test-groom-trigger.sh            ok      3s
  test-governor-host-cores.sh      ok      3s
  test-host-unit-names.sh          SKIPPED
  test-incident-cause.sh           ok      1s
  test-id-prefix.sh                ok      1s
  test-gate-verdict.sh             ok      7s
  test-incident-delivers-satisfiable.sh ok      1s
  test-gh-run-gate.sh              ok      6s
  test-hold.sh                     ok      4s
  test-held.sh                     ok      6s
  test-gh-intake.sh                ok      11s
  test-install-dolt-port-wait.sh   ok      1s
  test-install-bootstrap-release.sh ok      5s
  test-install-dolt.sh             ok      2s
  test-install-dolt-mode.sh        ok      4s
  test-install-dolt-breaker.sh     RED     rc=1 after 4s
  test-install-conflicts.sh        ok      6s
  test-attribution.sh              ok      156s
  test-install-loom-broker.sh      ok      1s
  test-host-reason.sh              ok      11s
  test-install-landref.sh          ok      2s
  test-install-mail-deliver.sh     ok      2s
  test-groomer-sweep.sh            ok      14s
  test-install-rehearsal.sh        SKIPPED
  test-census-events.sh            ok      128s
  test-inventory.sh                ok      3s
  test-install-self-test.sh        ok      5s
  test-install-prod-checkout.sh    ok      7s
  test-landing-build.sh            ok      3s
  test-install-bd-init-cwd.sh      ok      17s
  test-install-halt.sh             ok      15s
  test-install-unit-directive.sh   ok      10s
  test-install-unit-ensure.sh      ok      11s
  test-gate-tree.sh                ok      31s
  test-landing-mode-map.sh         ok      5s
  test-install-exec.sh             ok      22s
  test-lane-ceiling.sh             ok      3s
  test-lanes.sh                    ok      2s
  test-layout-guard.sh             ok      4s
  test-landing-halt.sh             ok      11s
  test-landing-phase2-order.sh     ok      9s
  test-landing-gate-wait.sh        ok      13s
  test-groom-escalation-check.sh   ok      37s
  test-install-migrate.sh          ok      24s
  test-install-conf-seed.sh        ok      30s
  test-incident-dedup.sh           ok      34s
  test-install-unit-prune.sh       ok      24s
  test-loom-ops.sh                 SKIPPED
  test-install-paths.sh            ok      29s
  test-loom-rebuild.sh             ok      1s
  test-limits.sh                   ok      12s
  test-landing-order.sh            ok      20s
  test-install-instance.sh         ok      33s
  test-landing-race.sh             ok      19s
  test-install-idempotent.sh       ok      36s
  test-check4-batch.sh             ok      150s
  test-loom-conf-change.sh         ok      13s
  test-loom-page.sh                ok      10s
  test-maechen-sibling-blind.sh    ok      0s
  test-maechen.sh                  ok      1s
  test-install-aeons.sh            ok      52s
  test-mail-deliver.sh             ok      5s
  test-landed-stays-landed.sh      ok      41s
  test-maechen-trigger.sh          ok      7s
  test-mail-fence.sh               ok      3s
  test-literal-lint.sh             ok      24s
  test-loop-readonly.sh            ok      17s
  test-mail-health.sh              ok      5s
  test-mail-pane.sh                ok      2s
  test-census.sh                   ok      169s
  test-mail-kinds.sh               ok      3s
  test-mail-aeon.sh                ok      11s
  test-mail-repeat.sh              ok      3s
  test-incident.sh                 ok      62s
  test-mail.sh                     ok      4s
  test-mail-decision-ask.sh        ok      14s
  test-landing-basefail-fix.sh     ok      48s
  test-incident-recur-bounded.sh   ok      63s
  test-model-switch-report.sh      ok      3s
  test-migrate-ask.sh              ok      5s
  test-mail-tidy.sh                ok      9s
  test-null-close-reason.sh        ok      3s
  test-ops-allowlist.sh            ok      2s
  test-orphan-test.sh              ok      3s
  test-now.sh                      ok      6s
  test-parallel-isolation.sh       SKIPPED
  test-loom.sh                     ok      37s
  test-mail-sendmail.sh            ok      18s
  test-panel.sh                    ok      7s
  test-pane-fyi.sh                 ok      7s
  test-output-visibility.sh        ok      13s
  test-priority-bands.sh           ok      1s
  test-pve.sh                      ok      2s
  test-queue-flush.sh              ok      1s
  test-queue-abandon.sh            ok      4s
  test-queue-submit.sh             ok      2s
  test-owned.sh                    ok      15s
  test-queue-sort-large.sh         ok      2s
  test-pr-stall.sh                 ok      9s
  test-pilgrimage.sh               ok      16s
  test-queue-protect.sh            ok      6s
  test-reclaim-needs-ryan.sh       ok      3s
  test-ref-guard.sh                ok      1s
  test-release-acceptance.sh       ok      0s
  test-ready.sh                    ok      5s
  test-release-workflow.sh         ok      1s
  test-reclaim-escalated.sh        ok      6s
  test-gh-issue-closeout.sh        ok      96s
  test-livelock.sh                 ok      60s
  test-queue-eject.sh              ok      10s
  test-release.sh                  ok      3s
  test-pr-notify.sh                ok      16s
  test-released-defects.sh         ok      12s
  test-check4-events.sh            ok      209s
  test-reclaim-slay-branch-guard.sh ok      16s
  test-reopen-queue-eject.sh       ok      6s
  test-repo-lanes.sh               ok      2s
  test-repo-label.sh               ok      2s
  test-repo.sh                     ok      2s
  test-resolve-output.sh           ok      1s
  test-rollback.sh                 ok      1s
  test-roster-warn.sh              ok      1s
  test-runner-deps.sh              ok      1s
  test-render-memories.sh          ok      19s
  test-schema-migration-guard.sh   ok      2s
  test-scratch-fence.sh            ok      1s
  test-scope-label.sh              ok      2s
  test-script-exec.sh              ok      2s
  test-schema.sh                   ok      4s
  test-review.sh                   ok      8s
  test-sending-metrics.sh          ok      1s
  test-sending-certified-guard.sh  ok      7s
  test-sending-content-label.sh    ok      7s
  test-sending-empty-commit.sh     ok      6s
  test-sentinel.sh                 ok      3s
  test-sentinel-capacity.sh        ok      7s
  test-sending-squash-merged.sh    ok      9s
  test-sending-landstate-assert.sh ok      9s
  test-sending-unlanded-guard.sh   ok      8s
  test-skew-escalate.sh            ok      2s
  test-skew-check-release.sh       ok      4s
  test-skew-refresh.sh             ok      2s
  test-skew-foreign.sh             ok      2s
  test-set-state-writers.sh        ok      10s
  test-select.sh                   ok      25s
  test-snap-stale-threshold.sh     ok      9s
  test-statusline.sh               ok      5s
  test-session-hook.sh             ok      19s
  test-sop-lint.sh                 ok      8s
  test-strand-capacity.sh          ok      2s
  test-sentinel-order.sh           ok      22s
  test-statute-projection.sh       ok      8s
  test-strand-deferred.sh          ok      2s
  test-strand-ghost-teardown.sh    ok      2s
  test-strand-lock.sh              ok      3s
  test-soak.sh                     ok      13s
  test-strand-partition.sh         ok      3s
  test-strand-pool-paused.sh       ok      3s
  test-incident-recur-cause.sh     ok      144s
  test-landing-base-fail.sh        ok      131s
  test-strand-truncated.sh         ok      4s
  test-suite-cleanup.sh            ok      1s
  test-suite-state.sh              ok      1s
  test-suite-times.sh              ok      2s
  test-submit.sh                   ok      5s
  test-suites-containment.sh       SKIPPED
  test-suite-state-fence.sh        ok      5s
  test-spike.sh                    ok      23s
  test-sop.sh                      ok      25s
  test-suites-flake-branch.sh      ok      4s
  test-suites-timer.sh             ok      1s
  test-testenv-batch-baseline.sh   ok      1s
  test-testenv-batch-branch.sh     SKIPPED
  test-suites-hygiene.sh           ok      11s
  test-testenv-batch.sh            SKIPPED
  test-suites-timeout.sh           ok      12s
  test-suites-confirm-red.sh       ok      20s
  test-testenv-batch-fence.sh      ok      5s
  test-testenv-doctor-check.sh     ok      4s
  test-testenv-image-tag.sh        ok      5s
  test-testdb-concurrent.sh        ok      11s
  test-testenv-mode.sh             SKIPPED
  test-testenv-publish.sh          ok      3s
  test-superseded.sh               ok      16s
  test-testenv-registry.sh         ok      7s
  test-suites-setup-fault.sh       ok      22s
  test-suites-watchdog-classify.sh ok      20s
  test-testdb-failsafe.sh          ok      18s
  test-ops-closing.sh              ok      114s
  test-testenv-stdin.sh            SKIPPED
  test-suites-red-dedup.sh         ok      27s
  test-landing-queue-early.sh      ok      160s
  test-testenv-systemctl.sh        SKIPPED
  test-testenv-suites.sh           SKIPPED
  test-slay.sh                     ok      62s
  test-suites-cluster.sh           ok      39s
  test-testenv-timeout.sh          SKIPPED
  test-testenv-tmux-isolation.sh   ok      1s
  test-testenv.sh                  SKIPPED
  test-suites-fixture-fault.sh     RED     rc=1 after 40s
  test-suites-unreached.sh         ok      36s
  test-thrash-wall.sh              ok      3s
  test-landing-pr.sh               ok      173s
  test-suites-result-files.sh      ok      40s
  test-thrash.sh                   ok      5s
  test-timer-templates.sh          ok      2s
  test-tmux-env.sh                 ok      1s
  test-tokens.sh                   ok      1s
  test-unclaimable-cycle.sh        ok      2s
  test-unit-name.sh                ok      1s
  test-unit-restart-limits.sh      ok      2s
  test-verdict-timer.sh            ok      1s
  test-unclaimable-bead.sh         ok      10s
  test-unmapped-repo-park.sh       ok      4s
  test-testenv-scratch.sh          ok      39s
  test-watch-unit-restart.sh       ok      3s
  test-watchd-halt-health.sh       ok      3s
  test-uninstall.sh                ok      14s
  test-watchd-prune.sh             ok      1s
  test-watchd-health-ids.sh        ok      5s
  test-unit-drift.sh               ok      15s
  test-watchd-unit-name.sh         ok      2s
  test-verify-asks.sh              ok      10s
  test-wire-token.sh               ok      1s
  test-worktree-absent.sh          ok      1s
  test-work-services-exclusion.sh  ok      2s
  test-watch-refresh.sh            ok      16s
  test-world-drain.sh              ok      4s
  test-world-drain-deadline.sh     ok      5s
  test-watchtower-throttle.sh      ok      8s
  test-world-start-revives-watchers.sh ok      1s
  test-watchtower-czar-outcome.sh  ok      12s
  test-world-start-honours-ctrl.sh ok      7s
  test-watch-notify.sh             ok      23s
  test-world-timer-names.sh        ok      4s
  test-watchd-tail.sh              ok      19s
  test-world-timer-service-result.sh ok      6s
  test-watchtower-queue.sh         ok      17s
  test-suites.sh                   ok      76s
  test-world.sh                    ok      10s
  test-maechen-blind-window.sh     ok      209s
  test-landing-rebase.sh           ok      242s
  test-yield.sh                    ok      40s
  test-watchtower.sh               ok      91s
  test-watchtower-lapse.sh         ok      113s
  test-landing.sh                  ok      355s
  test-poison-ask.sh               ok      318s
  test-poison-edge.sh              ok      369s
  test-verdict.sh                  ok      240s
  test-requeue-cap.sh              ok      369s
  test-requeue-cap-accept.sh       ok      398s
  test-poison.sh                   ok      428s
  test-schema-apply.sh             ok      417s
  test-requeue.sh                  ok      456s
  test-timeout.sh                  ok      384s
  test-sin-exempt.sh               ok      466s
  test-watcher-reopen.sh           ok      397s
2026-09-24T01:12:46Z spira: batch: cgroup peak 2845MiB (maxpar 32, ~88MiB/slot; budget 192MiB/suite)
2026-09-24T01:12:46Z spira: batch: wall 996s
2026-09-24T01:12:46Z spira: batch: testdb: shared baseline used (mode: embedded, name: sptest_batch_baseline_1790211366_3043)
2026-09-24T01:12:46Z spira: batch: 2 suite(s) red

=== test-install-dolt-breaker.sh  red  rc=1  4s ===
  FAIL  no-clear: install reports db probe failure: wanted [bd did not accept] in [
  FAIL  no-clear: db probe attempt logged: wanted [db probe] in [
  FAIL  install passes: install exits 0 after doctor clears breaker: wanted exit 0, got 5
  FAIL  install passes: bd store accepting logged: wanted [bd store accepting] in [
--- last 50 lines ---
3. INSTALL POSITIVE CONTROL â no clear: probe fails, install exits non-zero:
  ok    no-clear: install exits non-zero when db probe fails
  FAIL  no-clear: install reports db probe failure: wanted [bd did not accept] in [
[phase 0: preflight]
  spira doctor
    ok    stub â all checks passed
  preflight passed

[phase 0.5: conflict checks]
  conflict 1 clear: no foreign harness owns these unit names
  conflict 2 clear: no live aeons
  conflict 3 clear: no landing in flight
  conflict 4 clear: no instance mismatch
install: CONFLICT â Dolt server listening on port 19142 is serving '/tmp/spira-batch-deb7acb23a8f/testdb' (not /tmp/tmp.khoRIBSX1I/dolt-data)
install:   remedy: stop the other Dolt server or set SPIRA_DOLT_DATA to match its data directory
install:   override: SPIRA_INSTALL_CONFLICT_CONSIDERED=1]
  FAIL  no-clear: db probe attempt logged: wanted [db probe] in [
[phase 0: preflight]
  spira doctor
    ok    stub â all checks passed
  preflight passed

[phase 0.5: conflict checks]
  conflict 1 clear: no foreign harness owns these unit names
  conflict 2 clear: no live aeons
  conflict 3 clear: no landing in flight
  conflict 4 clear: no instance mismatch
install: CONFLICT â Dolt server listening on port 19142 is serving '/tmp/spira-batch-deb7acb23a8f/testdb' (not /tmp/tmp.khoRIBSX1I/dolt-data)
install:   remedy: stop the other Dolt server or set SPIRA_DOLT_DATA to match its data directory
install:   override: SPIRA_INSTALL_CONFLICT_CONSIDERED=1]

4. INSTALL PASSES â doctor clears breaker: install exits 0:
  FAIL  install passes: install exits 0 after doctor clears breaker: wanted exit 0, got 5
  FAIL  install passes: bd store accepting logged: wanted [bd store accepting] in [
[phase 0: preflight]
  spira doctor
    ok    stub â all checks passed
  preflight passed

[phase 0.5: conflict checks]
  conflict 1 clear: no foreign harness owns these unit names
  conflict 2 clear: no live aeons
  conflict 3 clear: no landing in flight
  conflict 4 clear: no instance mismatch
install: CONFLICT â Dolt server listening on port 19142 is serving '/tmp/spira-batch-deb7acb23a8f/testdb' (not /tmp/tmp.khoRIBSX1I/dolt-data)
install:   remedy: stop the other Dolt server or set SPIRA_DOLT_DATA to match its data directory
install:   override: SPIRA_INSTALL_CONFLICT_CONSIDERED=1]
  ok    install passes: no circuit-breaker error

5 passed, 4 failed

=== test-suites-fixture-fault.sh  red  rc=1  40s ===
  FAIL  it appears as RED, not FIXTURE-FAULT: wanted [RED] in [timed suite run â 1 suite(s) the gate does not run, 120s budget
--- last 50 lines ---
test-suites-fixture-fault.sh
testdb: baseline copy from /tmp/tmp.QVPVEDYy13

positive control â three fixture-fault suites and one genuine red:
  expect two beads (one fixture-fault, one red), not four
  ok    a pass with fixture faults exits 2
  ok    the pass reports FIXTURE-FAULT
  ok    the summary names fixture-fault count
  ok    exactly one fixture-fault bead was filed, not one per borrower
  ok    it names borrower1
  ok    it names borrower2
  ok    it names borrower3
  ok    it is labelled for builders
  ok    and names the repository
  ok    the genuine red still files its own bead
  ok    total beads filed: two (one fixture-fault, one red) â not four
  ok    no per-borrower bead for borrower1
  ok    no per-borrower bead for borrower2
  ok    no per-borrower bead for borrower3

negative control â no shared fixture, exit 75 is treated as red:
  ok    with no shared fixture, exit-75 suite exits 2 (filed as red)
  FAIL  it appears as RED, not FIXTURE-FAULT: wanted [RED] in [timed suite run â 1 suite(s) the gate does not run, 120s budget
skipped â the landing gate already runs these on every branch: test-ff-gated.sh
  test-ff-solo75.sh          TIMEOUT  killed at 20s  sp-3rc
1 ran, 1 red (0 env-mismatch, 0 suppressed by clustering), 0 skipped, 0 fixture-fault, 0 setup-fault, 25s
hygiene: 0 reactivated, 0 max-age mailed]
  ok    it is not classified as FIXTURE-FAULT
  ok    the summary shows 0 fixture-fault
  ok    it files a regular red bead

  18 passed, 1 failed

| Suite | Duration | Verdict | First FAIL line |
|-------|----------|---------|-----------------|
| test-install-dolt-breaker.sh | 4s (rc=1) | red | FAIL  no-clear: install reports db probe failure: wanted [bd did not accept] in  |
| test-suites-fixture-fault.sh | 40s (rc=1) | red | FAIL  it appears as RED, not FIXTURE-FAULT: wanted [RED] in [timed suite run â |
