2026-09-23T23:28:44Z spira: batch: --suites: selected 461 explicit suite(s)
2026-09-23T23:28:51Z spira: batch: starting container spira-batch-deb7acb23a8f (branch main)
testenv: user@1001.service active; systemctl --user ready
2026-09-23T23:28:57Z spira: batch: configure inside spira-batch-deb7acb23a8f
configure: seeded repo-map from repo-map.example â edit /home/spirauser/.config/spira/repo-map
configure: wrote /home/spirauser/.config/spira/spira.conf
configure: next steps:
  1. Edit /home/spirauser/.config/spira/spira.conf (at minimum: update SPIRA_PROD)
  2. Run: /workspace/spira/doctor.sh
2026-09-23T23:28:57Z spira: batch: suspending Rust-backed units inside spira-batch-deb7acb23a8f (image rustc too old for lockfile v4)
ctrl: suspended spira-loom (owner: sp-fud1)
ctrl: suspended spira-cockpit (owner: sp-fud1)
2026-09-23T23:28:58Z spira: batch: install instance deb7acb23a8f inside spira-batch-deb7acb23a8f
note: SPIRA_DOLT_DATA is empty â not installing dolt-beads.service.
      Start your Dolt server yourself, or set it in /home/spirauser/.config/spira/spira.conf.
note: loom binary not built at /workspace/loom/target/release/loom â not installing spira-loom.service.
      Build it: cd $SPIRA_REPO/loom && cargo build --release, then re-run install.sh.
note: broker binary not built at /workspace/broker/target/release/broker â not installing spira-broker.service.
      Build it: cd $SPIRA_REPO/broker && cargo build --release, then re-run install.sh.
install: placed /tmp/spira-batch-deb7acb23a8f/testdb/dolt-server.yaml
installed spira-sentinel-deb7acb23a8f.service
installed spira-sentinel-deb7acb23a8f.timer
installed spira-ops-deb7acb23a8f.service
installed spira-ops-deb7acb23a8f.timer
installed spira-auron-deb7acb23a8f.service
installed spira-auron-deb7acb23a8f.timer
installed spira-watchtower-deb7acb23a8f.service
installed spira-watchtower-deb7acb23a8f.timer
installed spira-skew-deb7acb23a8f.service
installed spira-skew-deb7acb23a8f.timer
installed spira-archivist-deb7acb23a8f.service
installed spira-archivist-deb7acb23a8f.timer
installed spira-czar-pass-deb7acb23a8f.service
installed spira-czar-pass-deb7acb23a8f.timer
installed spira-cockpit-deb7acb23a8f.service
installed spira-watch-notify-deb7acb23a8f.service
installed spira-watch-notify-deb7acb23a8f.timer
installed spira-watch-refresh-deb7acb23a8f.service
installed spira-watch-refresh-deb7acb23a8f.timer
installed cockpit-ensure.service
installed cockpit-ensure.timer
installed concierge.service
installed concierge.timer
installed beads-push.service
installed beads-push.timer
installed spira-archive-deb7acb23a8f.service
installed spira-archive-deb7acb23a8f.timer
installed spira-groom-deb7acb23a8f.service
installed spira-groom-deb7acb23a8f.timer
installed spira-maechen-deb7acb23a8f.service
installed spira-maechen-deb7acb23a8f.timer
installed spira-moot-sweep-deb7acb23a8f.service
installed spira-moot-sweep-deb7acb23a8f.timer
installed spira-verify-asks-deb7acb23a8f.service
installed spira-verify-asks-deb7acb23a8f.timer
installed spira-gate-check-deb7acb23a8f.service
installed spira-gate-check-deb7acb23a8f.timer
installed spira-pr-notify-deb7acb23a8f.service
installed spira-pr-notify-deb7acb23a8f.timer
installed spira-mail-tidy-deb7acb23a8f.service
installed spira-mail-tidy-deb7acb23a8f.timer
installed spira-gh-intake-deb7acb23a8f.service
installed spira-gh-intake-deb7acb23a8f.timer
installed spira-verdict-deb7acb23a8f.service
installed spira-verdict-deb7acb23a8f.timer
installed spira-suites-deb7acb23a8f.service
installed spira-suites-deb7acb23a8f.timer
installed spira-mail-deliver-deb7acb23a8f.service
installed dolt-beads-test.service
install: 49 unit file(s) changed, 0 unchanged
Created symlink /home/spirauser/.config/systemd/user/timers.target.wants/cockpit-ensure.timer â /home/spirauser/.config/systemd/user/cockpit-ensure.timer.
enabled   cockpit-ensure.timer
Created symlink /home/spirauser/.config/systemd/user/timers.target.wants/concierge.timer â /home/spirauser/.config/systemd/user/concierge.timer.
enabled   concierge.timer
Created symlink /home/spirauser/.config/systemd/user/timers.target.wants/spira-watch-refresh-deb7acb23a8f.timer â /home/spirauser/.config/systemd/user/spira-watch-refresh-deb7acb23a8f.timer.
enabled   spira-watch-refresh-deb7acb23a8f.timer
Created symlink /home/spirauser/.config/systemd/user/timers.target.wants/beads-push.timer â /home/spirauser/.config/systemd/user/beads-push.timer.
enabled   beads-push.timer
Created symlink /home/spirauser/.config/systemd/user/timers.target.wants/spira-sentinel-deb7acb23a8f.timer â /home/spirauser/.config/systemd/user/spira-sentinel-deb7acb23a8f.timer.
enabled   spira-sentinel-deb7acb23a8f.timer
Created symlink /home/spirauser/.config/systemd/user/timers.target.wants/spira-ops-deb7acb23a8f.timer â /home/spirauser/.config/systemd/user/spira-ops-deb7acb23a8f.timer.
enabled   spira-ops-deb7acb23a8f.timer
Created symlink /home/spirauser/.config/systemd/user/timers.target.wants/spira-auron-deb7acb23a8f.timer â /home/spirauser/.config/systemd/user/spira-auron-deb7acb23a8f.timer.
enabled   spira-auron-deb7acb23a8f.timer
Created symlink /home/spirauser/.config/systemd/user/timers.target.wants/spira-watchtower-deb7acb23a8f.timer â /home/spirauser/.config/systemd/user/spira-watchtower-deb7acb23a8f.timer.
enabled   spira-watchtower-deb7acb23a8f.timer
Created symlink /home/spirauser/.config/systemd/user/timers.target.wants/spira-skew-deb7acb23a8f.timer â /home/spirauser/.config/systemd/user/spira-skew-deb7acb23a8f.timer.
enabled   spira-skew-deb7acb23a8f.timer
Created symlink /home/spirauser/.config/systemd/user/timers.target.wants/spira-czar-pass-deb7acb23a8f.timer â /home/spirauser/.config/systemd/user/spira-czar-pass-deb7acb23a8f.timer.
enabled   spira-czar-pass-deb7acb23a8f.timer
Created symlink /home/spirauser/.config/systemd/user/timers.target.wants/spira-archive-deb7acb23a8f.timer â /home/spirauser/.config/systemd/user/spira-archive-deb7acb23a8f.timer.
enabled   spira-archive-deb7acb23a8f.timer
Created symlink /home/spirauser/.config/systemd/user/timers.target.wants/spira-archivist-deb7acb23a8f.timer â /home/spirauser/.config/systemd/user/spira-archivist-deb7acb23a8f.timer.
enabled   spira-archivist-deb7acb23a8f.timer
Created symlink /home/spirauser/.config/systemd/user/timers.target.wants/spira-watch-notify-deb7acb23a8f.timer â /home/spirauser/.config/systemd/user/spira-watch-notify-deb7acb23a8f.timer.
enabled   spira-watch-notify-deb7acb23a8f.timer
Created symlink /home/spirauser/.config/systemd/user/timers.target.wants/spira-groom-deb7acb23a8f.timer â /home/spirauser/.config/systemd/user/spira-groom-deb7acb23a8f.timer.
enabled   spira-groom-deb7acb23a8f.timer
Created symlink /home/spirauser/.config/systemd/user/timers.target.wants/spira-maechen-deb7acb23a8f.timer â /home/spirauser/.config/systemd/user/spira-maechen-deb7acb23a8f.timer.
enabled   spira-maechen-deb7acb23a8f.timer
Created symlink /home/spirauser/.config/systemd/user/timers.target.wants/spira-moot-sweep-deb7acb23a8f.timer â /home/spirauser/.config/systemd/user/spira-moot-sweep-deb7acb23a8f.timer.
enabled   spira-moot-sweep-deb7acb23a8f.timer
Created symlink /home/spirauser/.config/systemd/user/timers.target.wants/spira-verify-asks-deb7acb23a8f.timer â /home/spirauser/.config/systemd/user/spira-verify-asks-deb7acb23a8f.timer.
enabled   spira-verify-asks-deb7acb23a8f.timer
Created symlink /home/spirauser/.config/systemd/user/timers.target.wants/spira-gate-check-deb7acb23a8f.timer â /home/spirauser/.config/systemd/user/spira-gate-check-deb7acb23a8f.timer.
enabled   spira-gate-check-deb7acb23a8f.timer
Created symlink /home/spirauser/.config/systemd/user/timers.target.wants/spira-pr-notify-deb7acb23a8f.timer â /home/spirauser/.config/systemd/user/spira-pr-notify-deb7acb23a8f.timer.
enabled   spira-pr-notify-deb7acb23a8f.timer
install: spira-cockpit-deb7acb23a8f.service is suspended (ctrl: spira-cockpit) â skipping
Created symlink /home/spirauser/.config/systemd/user/timers.target.wants/spira-mail-tidy-deb7acb23a8f.timer â /home/spirauser/.config/systemd/user/spira-mail-tidy-deb7acb23a8f.timer.
enabled   spira-mail-tidy-deb7acb23a8f.timer
Created symlink /home/spirauser/.config/systemd/user/timers.target.wants/spira-gh-intake-deb7acb23a8f.timer â /home/spirauser/.config/systemd/user/spira-gh-intake-deb7acb23a8f.timer.
enabled   spira-gh-intake-deb7acb23a8f.timer
Created symlink /home/spirauser/.config/systemd/user/timers.target.wants/spira-verdict-deb7acb23a8f.timer â /home/spirauser/.config/systemd/user/spira-verdict-deb7acb23a8f.timer.
enabled   spira-verdict-deb7acb23a8f.timer
Created symlink /home/spirauser/.config/systemd/user/timers.target.wants/spira-suites-deb7acb23a8f.timer â /home/spirauser/.config/systemd/user/spira-suites-deb7acb23a8f.timer.
enabled   spira-suites-deb7acb23a8f.timer
Created symlink /home/spirauser/.config/systemd/user/default.target.wants/spira-mail-deliver-deb7acb23a8f.service â /home/spirauser/.config/systemd/user/spira-mail-deliver-deb7acb23a8f.service.
enabled   spira-mail-deliver-deb7acb23a8f.service
install SessionStart
install PostCompact
install: linked cockpit-remote: /home/spirauser/.local/bin/cockpit-remote -> /workspace/cockpit/remote/cockpit-remote
disabled  spira-watch-notify-deb7acb23a8f.service (no row in the manifest)
disabled  spira-watch-refresh-deb7acb23a8f.service (no row in the manifest)
Wed 2026-09-23 23:29:54 UTC      46s -         - concierge.timer                        concierge.service
Wed 2026-09-23 23:29:54 UTC      46s -         - spira-czar-pass-deb7acb23a8f.timer     spira-czar-pass-deb7acb23a8f.service
Wed 2026-09-23 23:29:54 UTC      46s -         - spira-verdict-deb7acb23a8f.timer       spira-verdict-deb7acb23a8f.service
Wed 2026-09-23 23:30:24 UTC 1min 16s -         - spira-gate-check-deb7acb23a8f.timer    spira-gate-check-deb7acb23a8f.service
Wed 2026-09-23 23:30:24 UTC 1min 16s -         - spira-watch-refresh-deb7acb23a8f.timer spira-watch-refresh-deb7acb23a8f.service
Wed 2026-09-23 23:30:54 UTC 1min 46s -         - cockpit-ensure.timer                   cockpit-ensure.service
Wed 2026-09-23 23:31:54 UTC 2min 46s -         - spira-mail-tidy-deb7acb23a8f.timer     spira-mail-tidy-deb7acb23a8f.service
Wed 2026-09-23 23:31:54 UTC 2min 46s -         - spira-sentinel-deb7acb23a8f.timer      spira-sentinel-deb7acb23a8f.service
Wed 2026-09-23 23:31:54 UTC 2min 46s -         - spira-watchtower-deb7acb23a8f.timer    spira-watchtower-deb7acb23a8f.service
Wed 2026-09-23 23:33:54 UTC 4min 46s -         - spira-archive-deb7acb23a8f.timer       spira-archive-deb7acb23a8f.service
Wed 2026-09-23 23:33:54 UTC 4min 46s -         - spira-archivist-deb7acb23a8f.timer     spira-archivist-deb7acb23a8f.service
Wed 2026-09-23 23:33:54 UTC 4min 46s -         - spira-moot-sweep-deb7acb23a8f.timer    spira-moot-sweep-deb7acb23a8f.service
Wed 2026-09-23 23:33:54 UTC 4min 46s -         - spira-ops-deb7acb23a8f.timer           spira-ops-deb7acb23a8f.service
Wed 2026-09-23 23:33:54 UTC 4min 46s -         - spira-pr-notify-deb7acb23a8f.timer     spira-pr-notify-deb7acb23a8f.service
Wed 2026-09-23 23:33:54 UTC 4min 46s -         - spira-watch-notify-deb7acb23a8f.timer  spira-watch-notify-deb7acb23a8f.service
Wed 2026-09-23 23:35:54 UTC     6min -         - spira-auron-deb7acb23a8f.timer         spira-auron-deb7acb23a8f.service
Wed 2026-09-23 23:35:54 UTC     6min -         - spira-verify-asks-deb7acb23a8f.timer   spira-verify-asks-deb7acb23a8f.service
Wed 2026-09-23 23:38:54 UTC     9min -         - spira-skew-deb7acb23a8f.timer          spira-skew-deb7acb23a8f.service
Wed 2026-09-23 23:38:54 UTC     9min -         - spira-suites-deb7acb23a8f.timer        spira-suites-deb7acb23a8f.service
Wed 2026-09-23 23:43:54 UTC    14min -         - spira-gh-intake-deb7acb23a8f.timer     spira-gh-intake-deb7acb23a8f.service
Wed 2026-09-23 23:43:54 UTC    14min -         - spira-groom-deb7acb23a8f.timer         spira-groom-deb7acb23a8f.service
Wed 2026-09-23 23:43:54 UTC    14min -         - spira-maechen-deb7acb23a8f.timer       spira-maechen-deb7acb23a8f.service
Thu 2026-09-24 03:54:40 UTC 4h 25min -         - beads-push.timer                       beads-push.service
spira-cockpit-deb7acb23a8f.service   inactive
spira-loom-deb7acb23a8f.service      inactive
2026-09-23T23:29:35Z spira: batch: requirement not met in container: spira-nonexistent-xyz
  test-requires.sh                 SKIP-REQ requires:spira-nonexistent-xyz
2026-09-23T23:29:48Z spira: batch: building shared testdb baseline in spira-batch-deb7acb23a8f
2026-09-23T23:30:01Z spira: batch: shared testdb baseline ready (mode: embedded, name: sptest_batch_baseline_1790206194_3043)
2026-09-23T23:30:05Z spira: batch: bd shim install failed â bd timing will be absent
2026-09-23T23:30:05Z spira: batch: running 460 suite(s) in spira-batch-deb7acb23a8f (mode: parallel, maxpar: 8 [cpu-bound: cpu=8 mem=14744MiB avail 1024MiB reserve 192MiB/suite])
  test-acceptance-ci.sh            ok      6s
  test-acceptance-ready.sh         ok      6s
  test-aeon-decision-blocked.sh    ok      36s
  test-activate.sh                 ok      40s
  test-aeon-dirty-commit.sh        SKIPPED
  test-aeon-heartbeat.sh           SKIPPED
  test-aeon-fence-bd-create.sh     ok      2s
  test-aeon-launch-grammar.sh      SKIPPED
  test-aeon-lease.sh               ok      6s
  test-aeon-fence.sh               ok      8s
  test-acceptance-run.sh           ok      61s
  test-aeon-exit.sh                ok      21s
  test-aeon-gate-close-silent.sh   ok      20s
  test-aeon-operator-wait.sh       ok      16s
  test-aeon-presession-death.sh    ok      20s
  test-aeon-wiki-concurrent.sh     ok      6s
  test-aeon-sweep.sh               ok      12s
  test-aeon-worktree-guard.sh      ok      7s
  test-aeon-prompt-layers.sh       ok      33s
  test-aeon-prod-dirty.sh          ok      42s
  test-aeon-ledger.sh              ok      52s
  test-aeon-eviction-race.sh       ok      61s
  test-aeon-yield-headless.sh      ok      22s
  test-aeon-world-stop.sh          ok      24s
  test-aeon-resume.sh              ok      46s
  test-answers-silent-seed.sh      ok      7s
  test-aeon-wiki-dirty.sh          ok      36s
  test-archivist-cited-bead.sh     ok      8s
  test-archivist.sh                ok      10s
  test-answers-premise-rejected.sh ok      31s
  test-aeon-verdict.sh             ok      81s
2026-09-23T23:32:39Z spira: batch: draining for exclusive suite test-artifact-install.sh (cargo build peaks at several GB; runs alone to prevent container OOM)
  test-artifact-install.sh         ok      142s
  test-batch-certified-landed.sh   ok      5s
  test-batch-certified-orphan.sh   ok      3s
  test-batch-conflicting-pr.sh     ok      3s
  test-batch-closed-red-live.sh    ok      5s
  test-batch-idle-cut.sh           ok      6s
  test-batch-maxpar.sh             ok      8s
  test-batch-cited-commit.sh       ok      14s
  test-attempts.sh                 ok      28s
  test-batch-stuck.sh              ok      11s
  test-bd-delivers-label-guard.sh  ok      9s
  test-batch-lock.sh               ok      23s
  test-bd-lock-retry.sh            ok      6s
  test-bd-resolve.sh               ok      2s
  test-bd-remember-guard.sh        ok      2s
  test-bd-schema-stamp.sh          ok      2s
  test-batch-repeat-refused-delivers.sh ok      19s
  test-bd-stdin.sh                 ok      4s
  test-bead-lane-guard.sh          ok      1s
  test-bead-file-kinds.sh          ok      3s
  test-bd-update-inflight-guard.sh ok      8s
  test-beads-push-verify.sh        ok      5s
  test-beads-sparklines.sh         ok      1s
  test-boundary.sh                 ok      0s
  test-branch-guard.sh             ok      2s
  test-brief-mail-options.sh       ok      3s
  test-bin-manifest.sh             ok      18s
  test-beads-push-commit.sh        ok      36s
  test-bead-lint.sh                ok      81s
  test-bd-close-unacked-guard.sh   ok      133s
  test-batch.sh                    ok      139s
  test-auron.sh                    ok      162s
  test-attribution.sh              ok      179s
  test-broker.sh                   ok      135s
  test-build-bd-release.sh         ok      89s
  test-budget-drift.sh             ok      279s
  test-build-tarball.sh            ok      93s
  test-build.sh                    ok      27s
  test-builder-qa-proposed.sh      ok      13s
  test-cadence-tool.sh             SKIPPED
  test-cadence.sh                  SKIPPED
  test-capacity-probe.sh           ok      3s
  test-census-window.sh            ok      1s
  test-cert-gate-reopen-note.sh    ok      1s
  test-chamber-repo-labels.sh      ok      2s
  test-check2-reclaim.sh           ok      10s
  test-cert-lint.sh                ok      14s
  test-canary.sh                   ok      29s
  test-census-reopen.sh            ok      40s
  test-check5-body-search.sh       ok      28s
  test-check5-delivers-action.sh   ok      14s
  test-census-watermark.sh         ok      57s
  test-check5-content-landed.sh    ok      36s
  test-check5-delivers-check.sh    ok      25s
  test-certify.sh                  ok      68s
  test-check5-drop.sh              ok      16s
  test-check5-delivers-falls-through.sh ok      26s
  test-census-events.sh            ok      97s
  test-check5-landstate.sh         ok      15s
  test-check5-landed-no-delivers.sh ok      21s
  test-check5-hold-no-reopen.sh    ok      37s
  test-check5-landed-assert.sh     ok      26s
  test-check8-progressed.sh        ok      14s
  test-check5-sweep-delivers.sh    ok      19s
  test-check5-unmapped-repo.sh     ok      18s
  test-cockpit-collect-probes.sh   ok      2s
  test-cockpit-collector-quota.sh  ok      2s
  test-cockpit-collector-watchdog.sh ok      1s
  test-citations.sh                ok      17s
  test-check4-batch.sh             ok      116s
  test-cockpit-dup-refs.sh         ok      7s
  test-cockpit-conf-change.sh      ok      9s
  test-cockpit-fuse.sh             ok      7s
  test-ci-park.sh                  ok      28s
  test-cockpit-layout-ensure-focus.sh ok      3s
  test-cockpit-layout-conf.sh      ok      3s
  test-cockpit-layout-identity.sh  ok      2s
  test-cockpit-mouse.sh            ok      1s
  test-census.sh                   ok      133s
  test-cockpit-layout-mail.sh      ok      4s
  test-cockpit-layout.sh           ok      5s
  test-cockpit-landed.sh           ok      10s
  test-cockpit-reachable.sh        ok      4s
  test-cockpit-gate.sh             ok      22s
  test-cockpit-probe-fault.sh      ok      11s
  test-cockpit-ready.sh            ok      7s
  test-cockpit-remote.sh           ok      3s
  test-cockpit-ready-seeded.sh     ok      9s
  test-cockpit-runtime-path.sh     ok      2s
  test-cockpit-queue.sh            ok      14s
  test-cockpit-self.sh             ok      3s
  test-cockpit-queue-section.sh    ok      15s
  test-check4-events.sh            ok      134s
  test-check5-nopayload.sh         ok      68s
  test-cockpit-snap-absent.sh      ok      4s
  test-cockpit-repo-labels.sh      ok      8s
  test-cockpit-sop.sh              ok      5s
  test-cockpit-sweep.sh            ok      5s
  test-cockpit-sphere.sh           ok      8s
  test-cockpit-tmp.sh              ok      5s
  test-cockpit-unit-notify.sh      ok      1s
  test-cockpit-rebuild.sh          ok      21s
  test-cockpit-unclaimable.sh      ok      4s
  test-cockpit-watcher-owner.sh    ok      3s
  test-conf.sh                     ok      4s
  test-configure.sh                ok      4s
  test-cockpit.sh                  ok      7s
  test-containment.sh              ok      1s
  test-cockpit-tiered-collector.sh ok      17s
  test-cockpit-unadopted-queue.sh  ok      16s
  test-concierge.sh                ok      9s
  test-content-landed-empty-branch.sh ok      8s
  test-czar-partition.sh           ok      1s
  test-covers-entries.sh           ok      9s
  test-ctx-pointer.sh              ok      4s
  test-cockpit-unlanded.sh         ok      19s
  test-delivers-parity.sh          ok      2s
  test-czar-shadow.sh              ok      4s
  test-cross-repo.sh               ok      10s
  test-destroy-branch.sh           ok      1s
  test-destructive-bead.sh         ok      4s
  test-doctor-bd-tag.sh            ok      6s
  test-czar-pass.sh                ok      14s
  test-doctor-checkout-mode.sh     ok      8s
  test-dependents.sh               ok      13s
  test-content-landed-no-reopen.sh ok      25s
  test-deploy.sh                   ok      14s
  test-doctor-dolt.sh              ok      6s
  test-doctor-embedded.sh          ok      7s
  test-doctor-cargo.sh             ok      14s
  test-doctor-events-probe.sh      ok      5s
  test-doctor-gh-intake-skip.sh    ok      6s
  test-doctor-goal.sh              ok      5s
  test-doctor-missing-store.sh     ok      2s
  test-doctor-enable-drift.sh      ok      11s
  test-doctor-installing.sh        ok      6s
  test-doctor-hooks-path.sh        ok      8s
  test-ctrl.sh                     ok      34s
  test-doctor-snap-fresh.sh        ok      4s
  test-doctor-schema.sh            ok      7s
  test-cockpit-unsent.sh           ok      49s
  test-drain-banner.sh             ok      1s
  test-dummy.sh                    ok      1s
  test-drain-expiry.sh             ok      1s
  test-effective-lanes.sh          ok      1s
  test-elastic-ceiling.sh          ok      1s
  test-fayth-free.sh               ok      1s
  test-fayth-predicates.sh         ok      2s
  test-fayth-project-instructions.sh ok      3s
  test-fayth.sh                    ok      2s
  test-doctor-unit-install.sh      ok      9s
  test-forge-run-metadata.sh       ok      2s
  test-gate-base-selection.sh      ok      2s
  test-focus-close-guard.sh        ok      6s
  test-forge-check-status.sh       ok      6s
  test-doctor-unit-dup.sh          ok      16s
  test-freshclone.sh               ok      2s
  test-gate-base-evidence.sh       ok      3s
  test-event.sh                    ok      11s
  test-gate-check-stderr.sh        ok      2s
  test-gate-ci-diag.sh             ok      1s
  test-gate-discover-branch.sh     ok      3s
  test-gate-check-stuck.sh         ok      5s
  test-gate-check-flaky.sh         ok      7s
  test-gate-host-cores.sh          ok      1s
  test-gate-fixture-diag.sh        ok      3s
  test-gate-retry-structural.sh    ok      1s
  test-gate-missing-cmd.sh         ok      2s
  test-gate-retry.sh               ok      1s
  test-gate-preflight.sh           ok      1s
  test-gate-touched.sh             ok      1s
  test-gate-vitals.sh              ok      0s
  test-gate-workflow.sh            ok      1s
  test-git-identity.sh             ok      1s
  test-gate-check-red-twice.sh     ok      11s
  test-governor-host-cores.sh      ok      4s
  test-gate-sweep.sh               ok      6s
  test-groom-trigger.sh            ok      5s
  test-gh-run-gate.sh              ok      8s
  test-gate-verdict.sh             ok      10s
  test-gh-intake.sh                ok      13s
  test-groomer.sh                  ok      8s
  test-host-unit-names.sh          SKIPPED
  test-held.sh                     ok      8s
  test-hold.sh                     ok      7s
  test-groomer-sweep.sh            ok      15s
  test-incident-cause.sh           ok      3s
  test-id-prefix.sh                ok      7s
  test-gh-issue-closeout.sh        ok      23s
  test-incident-delivers-satisfiable.sh ok      3s
  test-host-reason.sh              ok      13s
  test-gate-tree.sh                ok      31s
  test-install-bootstrap-release.sh ok      8s
  test-groom-escalation-check.sh   ok      40s
  test-install-bd-init-cwd.sh      ok      20s
  test-install-conflicts.sh        ok      12s
  test-install-dolt-breaker.sh     RED     rc=1 after 9s
  test-install-dolt-port-wait.sh   ok      4s
  test-install-dolt-mode.sh        ok      6s
  test-install-dolt.sh             ok      3s
  test-incident-dedup.sh           ok      39s
  test-incident-recur-cause.sh     ok      38s
  test-install-conf-seed.sh        ok      41s
  test-install-halt.sh             ok      19s
  test-install-loom-broker.sh      ok      1s
  test-install-landref.sh          ok      13s
  test-install-mail-deliver.sh     ok      2s
  test-install-exec.sh             ok      24s
  test-install-prod-checkout.sh    ok      8s
  test-install-rehearsal.sh        SKIPPED
  test-install-aeons.sh            ok      62s
  test-install-self-test.sh        ok      5s
  test-install-instance.sh         ok      34s
  test-incident.sh                 ok      73s
  test-install-unit-directive.sh   ok      13s
  test-install-migrate.sh          ok      25s
  test-incident-recur-bounded.sh   ok      77s
  test-inventory.sh                ok      4s
  test-install-idempotent.sh       ok      44s
  test-install-unit-ensure.sh      ok      14s
  test-landing-build.sh            ok      1s
  test-landing-mode-map.sh         ok      5s
  test-install-paths.sh            ok      33s
  test-landing-halt.sh             ok      11s
  test-landing-gate-wait.sh        ok      15s
  test-landing-phase2-order.sh     ok      11s
  test-install-unit-prune.sh       ok      35s
  test-landing-order.sh            ok      30s
  test-landing-base-fail.sh        ok      39s
  test-lane-ceiling.sh             ok      7s
  test-lanes.sh                    ok      2s
  test-layout-guard.sh             ok      2s
  test-landing-race.sh             ok      24s
  test-landed-stays-landed.sh      ok      50s
  test-limits.sh                   ok      10s
  test-landing-basefail-fix.sh     ok      57s
  test-loom-ops.sh                 SKIPPED
  test-loom-conf-change.sh         ok      8s
  test-loom-rebuild.sh             ok      1s
  test-loom-page.sh                ok      10s
  test-literal-lint.sh             ok      31s
  test-landing-queue-early.sh      ok      60s
  test-maechen-sibling-blind.sh    ok      1s
  test-loop-readonly.sh            ok      20s
  test-maechen.sh                  ok      6s
  test-maechen-trigger.sh          ok      8s
  test-loom.sh                     ok      29s
  test-mail-deliver.sh             ok      5s
  test-landing-pr.sh               ok      81s
  test-mail-fence.sh               ok      4s
  test-mail-health.sh              ok      4s
  test-mail-aeon.sh                ok      13s
  test-mail-repeat.sh              ok      2s
  test-mail-pane.sh                ok      3s
  test-mail-kinds.sh               ok      4s
  test-mail-decision-ask.sh        ok      16s
  test-mail.sh                     ok      3s
  test-migrate-ask.sh              ok      3s
  test-model-switch-report.sh      ok      2s
  test-null-close-reason.sh        ok      2s
  test-mail-tidy.sh                ok      7s
  test-ops-allowlist.sh            ok      3s
  test-orphan-test.sh              ok      1s
  test-now.sh                      ok      8s
  test-mail-sendmail.sh            ok      21s
  test-output-visibility.sh        ok      12s
  test-panel.sh                    ok      8s
  test-pane-fyi.sh                 ok      16s
  test-parallel-isolation.sh       SKIPPED
  test-livelock.sh                 ok      80s
  test-owned.sh                    RED     rc=1 after 21s
  test-pilgrimage.sh               ok      17s
  test-maechen-blind-window.sh     ok      75s
  test-pr-stall.sh                 ok      8s
  test-priority-bands.sh           ok      6s
  test-pve.sh                      ok      3s
  test-pr-notify.sh                ok      30s
  test-queue-abandon.sh            ok      6s
  test-queue-flush.sh              ok      2s
  test-queue-protect.sh            ok      5s
  test-queue-sort-large.sh         ok      6s
  test-queue-submit.sh             ok      2s
  test-queue-eject.sh              ok      14s
  test-ready.sh                    ok      8s
  test-reclaim-escalated.sh        ok      6s
  test-reclaim-needs-ryan.sh       ok      6s
  test-ref-guard.sh                ok      1s
  test-landing-rebase.sh           ok      153s
  test-release-acceptance.sh       ok      1s
  test-release-workflow.sh         ok      1s
  test-release.sh                  ok      2s
  test-released-defects.sh         ok      5s
  test-reopen-queue-eject.sh       ok      4s
  test-repo-label.sh               ok      3s
  test-repo-lanes.sh               ok      1s
  test-render-memories.sh          ok      10s
  test-repo.sh                     ok      3s
  test-reclaim-slay-branch-guard.sh ok      16s
  test-ops-closing.sh              ok      125s
  test-resolve-output.sh           ok      39s
  test-review.sh                   ok      9s
  test-rollback.sh                 ok      9s
  test-roster-warn.sh              ok      1s
  test-runner-deps.sh              ok      1s
  test-poison-ask.sh               ok      190s
  test-landing.sh                  ok      289s
  test-schema-migration-guard.sh   ok      77s
  test-scope-label.sh              ok      2s
  test-scratch-fence.sh            ok      2s
  test-schema.sh                   ok      4s
  test-script-exec.sh              ok      2s
  test-sending-certified-guard.sh  ok      7s
  test-sending-content-label.sh    ok      10s
  test-sending-empty-commit.sh     ok      10s
  test-select.sh                   ok      20s
  test-sending-metrics.sh          ok      3s
  test-sending-landstate-assert.sh ok      10s
  test-sending-squash-merged.sh    ok      7s
  test-sending-unlanded-guard.sh   ok      7s
  test-sentinel-capacity.sh        ok      7s
  test-sentinel.sh                 ok      6s
  test-poison-edge.sh              ok      233s
  test-set-state-writers.sh        ok      12s
  test-session-hook.sh             ok      15s
  test-sentinel-order.sh           ok      20s
  test-skew-check-release.sh       ok      2s
  test-skew-escalate.sh            ok      1s
  test-skew-refresh.sh             ok      2s
  test-skew-foreign.sh             ok      3s
  test-snap-stale-threshold.sh     ok      3s
  test-requeue-cap.sh              ok      197s
  test-soak.sh                     ok      15s
  test-sop-lint.sh                 ok      15s
  test-sop.sh                      ok      25s
  test-statusline.sh               ok      18s
  test-statute-projection.sh       ok      3s
  test-spike.sh                    ok      25s
  test-requeue-cap-accept.sh       ok      227s
  test-strand-capacity.sh          ok      3s
  test-schema-apply.sh             ok      174s
  test-strand-deferred.sh          ok      1s
  test-strand-ghost-teardown.sh    ok      1s
  test-strand-pool-paused.sh       ok      1s
  test-strand-partition.sh         ok      1s
  test-strand-lock.sh              ok      2s
  test-suite-cleanup.sh            ok      1s
  test-strand-truncated.sh         ok      2s
  test-suite-state.sh              ok      2s
  test-suite-times.sh              ok      1s
  test-poison.sh                   ok      293s
  test-suites-containment.sh       SKIPPED
  test-suite-state-fence.sh        ok      4s
  test-submit.sh                   ok      6s
  test-suites-flake-branch.sh      ok      1s
  test-slay.sh                     ok      55s
  test-suites-hygiene.sh           ok      10s
  test-suites-confirm-red.sh       ok      17s
  test-suites-fixture-fault.sh     ok      15s
  test-suites-timer.sh             ok      1s
  test-suites-timeout.sh           ok      12s
  test-suites-red-dedup.sh         ok      29s
  test-suites-setup-fault.sh       ok      25s
  test-requeue.sh                  ok      264s
  test-suites-cluster.sh           ok      42s
  test-sin-exempt.sh               ok      100s
  test-testenv-batch-baseline.sh   ok      2s
  test-testdb-concurrent.sh        ok      10s
  test-testenv-batch-branch.sh     SKIPPED
  test-testenv-batch.sh            SKIPPED
  test-suites-watchdog-classify.sh ok      28s
  test-testenv-batch-fence.sh      ok      2s
  test-testenv-doctor-check.sh     ok      2s
  test-testenv-image-tag.sh        ok      1s
  test-testenv-mode.sh             SKIPPED
  test-testenv-publish.sh          ok      1s
  test-testenv-registry.sh         ok      2s
  test-suites-result-files.sh      ok      45s
  test-superseded.sh               ok      18s
  test-testenv-stdin.sh            SKIPPED
  test-testenv-systemctl.sh        SKIPPED
  test-testenv-suites.sh           SKIPPED
  test-testenv-timeout.sh          SKIPPED
  test-testenv-tmux-isolation.sh   ok      2s
  test-testenv.sh                  SKIPPED
  test-thrash-wall.sh              ok      0s
  test-thrash.sh                   ok      1s
  test-tmux-env.sh                 ok      1s
  test-timer-templates.sh          ok      1s
  test-suites-unreached.sh         ok      37s
  test-tokens.sh                   ok      2s
  test-unclaimable-cycle.sh        ok      0s
  test-unit-name.sh                ok      1s
  test-testdb-failsafe.sh          ok      22s
  test-unit-restart-limits.sh      ok      2s
  test-verdict-timer.sh            ok      1s
  test-unmapped-repo-park.sh       ok      5s
  test-unclaimable-bead.sh         ok      10s
  test-unit-drift.sh               ok      14s
  test-uninstall.sh                ok      14s
  test-watch-unit-restart.sh       ok      1s
  test-timeout.sh                  ok      19s
  test-watchd-halt-health.sh       ok      2s
  test-watchd-prune.sh             ok      1s
  test-verify-asks.sh              ok      14s
  test-watchd-health-ids.sh        ok      3s
  test-watchd-unit-name.sh         ok      1s
  test-watch-refresh.sh            ok      15s
  test-watchtower-czar-outcome.sh  ok      8s
  test-testenv-scratch.sh          ok      37s
  test-watch-notify.sh             ok      25s
  test-watchd-tail.sh              ok      19s
  test-wire-token.sh               ok      5s
  test-watchtower-throttle.sh      ok      9s
  test-work-services-exclusion.sh  ok      2s
  test-worktree-absent.sh          ok      2s
  test-world-drain.sh              ok      1s
  test-world-drain-deadline.sh     ok      2s
  test-world-start-revives-watchers.sh ok      0s
  test-world-timer-names.sh        ok      3s
  test-world-start-honours-ctrl.sh ok      5s
  test-watchtower-queue.sh         ok      19s
  test-world-timer-service-result.sh ok      5s
  test-watcher-reopen.sh           RED     rc=1 after 30s
  test-world.sh                    ok      6s
  test-yield.sh                    ok      32s
  test-suites.sh                   ok      110s
  test-watchtower.sh               ok      90s
  test-watchtower-lapse.sh         ok      113s
  test-verdict.sh                  ok      239s
2026-09-23T23:58:41Z spira: batch: cgroup peak 1405MiB (maxpar 8, ~175MiB/slot; budget 192MiB/suite)
2026-09-23T23:58:41Z spira: batch: wall 1716s
2026-09-23T23:58:41Z spira: batch: testdb: shared baseline used (mode: embedded, name: sptest_batch_baseline_1790206194_3043)
2026-09-23T23:58:41Z spira: batch: 3 suite(s) red

=== test-install-dolt-breaker.sh  red  rc=1  9s ===
  FAIL  no-clear: install reports db probe failure: wanted [bd did not accept] in [
  FAIL  no-clear: db probe attempt logged: wanted [db probe] in [
  FAIL  install passes: install exits 0 after doctor clears breaker: wanted exit 0, got 5
  FAIL  install passes: bd store accepting logged: wanted [bd store accepting] in [
--- last 50 lines ---
3. INSTALL POSITIVE CONTROL â no clear: probe fails, install exits non-zero:
  ok    no-clear: install exits non-zero when db probe fails
  FAIL  no-clear: install reports db probe failure: wanted [bd did not accept] in [
[phase 0: preflight]
  spira doctor
    ok    stub â all checks passed
  preflight passed

[phase 0.5: conflict checks]
  conflict 1 clear: no foreign harness owns these unit names
  conflict 2 clear: no live aeons
  conflict 3 clear: no landing in flight
  conflict 4 clear: no instance mismatch
install: CONFLICT â Dolt server listening on port 19142 is serving '/tmp/spira-batch-deb7acb23a8f/testdb' (not /tmp/tmp.LORSJYCw5C/dolt-data)
install:   remedy: stop the other Dolt server or set SPIRA_DOLT_DATA to match its data directory
install:   override: SPIRA_INSTALL_CONFLICT_CONSIDERED=1]
  FAIL  no-clear: db probe attempt logged: wanted [db probe] in [
[phase 0: preflight]
  spira doctor
    ok    stub â all checks passed
  preflight passed

[phase 0.5: conflict checks]
  conflict 1 clear: no foreign harness owns these unit names
  conflict 2 clear: no live aeons
  conflict 3 clear: no landing in flight
  conflict 4 clear: no instance mismatch
install: CONFLICT â Dolt server listening on port 19142 is serving '/tmp/spira-batch-deb7acb23a8f/testdb' (not /tmp/tmp.LORSJYCw5C/dolt-data)
install:   remedy: stop the other Dolt server or set SPIRA_DOLT_DATA to match its data directory
install:   override: SPIRA_INSTALL_CONFLICT_CONSIDERED=1]

4. INSTALL PASSES â doctor clears breaker: install exits 0:
  FAIL  install passes: install exits 0 after doctor clears breaker: wanted exit 0, got 5
  FAIL  install passes: bd store accepting logged: wanted [bd store accepting] in [
[phase 0: preflight]
  spira doctor
    ok    stub â all checks passed
  preflight passed

[phase 0.5: conflict checks]
  conflict 1 clear: no foreign harness owns these unit names
  conflict 2 clear: no live aeons
  conflict 3 clear: no landing in flight
  conflict 4 clear: no instance mismatch
install: CONFLICT â Dolt server listening on port 19142 is serving '/tmp/spira-batch-deb7acb23a8f/testdb' (not /tmp/tmp.LORSJYCw5C/dolt-data)
install:   remedy: stop the other Dolt server or set SPIRA_DOLT_DATA to match its data directory
install:   override: SPIRA_INSTALL_CONFLICT_CONSIDERED=1]
  ok    install passes: no circuit-breaker error

5 passed, 4 failed

=== test-owned.sh  red  rc=1  21s ===
  FAIL  check: units with unexpected status: expected only 'absent', got: [absent
--- last 50 lines ---
test-owned.sh

1. LIST â all required kinds present:
  ok    list exits 0
  ok    list: kind 'unit' present
  ok    list: kind 'linger' present
  ok    list: kind 'runtime-tree' present
  ok    list: kind 'database' present
  ok    list: kind 'session-hook' present
  ok    list: kind 'binary' present
  ok    list: kind 'dolt-yaml' present
  ok    list: kind 'cockpit-pane' present
  ok    list: kind 'alert-dropin' present
  ok    list: all rows have 5 fields

2. UNIT ROWS MATCH install.sh --render (prod and test instances):
  ok    unit rows match install.sh --render for instance 'prod'
  ok    unit rows match install.sh --render for instance 'test'

3. CHECK ABSENT â units absent when UNITDIR is empty:
  ok    check exits 0
  FAIL  check: units with unexpected status: expected only 'absent', got: [absent
present]

4. CHECK PRESENT â units present after rendering (positive control):
  ok    check: all units present after rendering

5. CHECK DRIFTED â drifted detected after modifying a unit:
  ok    check: drifted detected (1 row(s)) after modification
  ok    check: non-drifted units still report present


17 passed, 1 failed

=== test-watcher-reopen.sh  red  rc=1  30s ===
  FAIL  case1: watcher incident filed: no bead id
  FAIL  case1: root cause bead created: no id
  FAIL  case1: bead stays open after refile with dep: wanted [open] got [?]
  FAIL  case1: blocked bead absent from bd ready: wanted [absent] got []
  FAIL  case2: watcher incident filed: no bead id
  FAIL  case2: bead closed: wanted [closed] got [?]
  FAIL  case2: bead reopened: wanted [open] got [?]
  FAIL  case2: reopen cause=closed-while-live: wanted [closed-while-live] got []
--- last 50 lines ---
test-watcher-reopen.sh
testdb: TRACE: entering server mode initialization for tag=watcher_reopen
testdb: TRACE: calling testdb_server_ensure
testdb: TRACE: testdb_server_ensure returned
testdb: TRACE: TESTDB_DIR created: /var/tmp/sptest_watcher_reopen_1790207694_795548
testdb: TRACE: calling bd init --server with database=sptest_watcher_reopen_1790207694_795548
testdb: TRACE: bd init returned with rc=0

# positive control
  ok    pc1: initial filing creates bead
  ok    pc1: interval=0 â cause=recurrence
  ok    pc2: initial filing creates bead
  ok    pc2: large interval â cause=closed-while-live

# case 1: dep path
  FAIL  case1: watcher incident filed: no bead id
  FAIL  case1: root cause bead created: no id
  ok    case1: dep added (incident â root)
  FAIL  case1: bead stays open after refile with dep: wanted [open] got [?]
  ok    case1: no reopen events
  FAIL  case1: blocked bead absent from bd ready: wanted [absent] got []

# case 2: closed-while-live path
  FAIL  case2: watcher incident filed: no bead id
  FAIL  case2: bead closed: wanted [closed] got [?]
  FAIL  case2: bead reopened: wanted [open] got [?]
  FAIL  case2: reopen cause=closed-while-live: wanted [closed-while-live] got []

6 passed, 8 failed

| Suite | Duration | Verdict | First FAIL line |
|-------|----------|---------|-----------------|
| test-install-dolt-breaker.sh | 9s (rc=1) | red | FAIL  no-clear: install reports db probe failure: wanted [bd did not accept] in  |
| test-owned.sh | 21s (rc=1) | red | FAIL  check: units with unexpected status: expected only 'absent', got: [absent |
| test-watcher-reopen.sh | 30s (rc=1) | red | FAIL  case1: watcher incident filed: no bead id |
